// Jest Snapshot v1, https://goo.gl/fbAQLP

exports[`errorAlert 1`] = `
<div
  className="submit-button"
>
  <button
    className="btn btn-primary "
    onClick={[Function]}
    style={Object {}}
    type="submit"
  >
    <span>
      <i
        className="fa fa-paper-plane-o"
        style={
          Object {
            "marginRight": "5px",
          }
        }
      />
    </span>
    Submit
  </button>
</div>
`;

exports[`renders correctly 1`] = `
<div
  className="submit-button"
>
  <button
    className="btn btn-primary "
    onClick={[Function]}
    style={Object {}}
    type="submit"
  >
    <span>
      <i
        className="fa fa-paper-plane-o"
        style={
          Object {
            "marginRight": "5px",
          }
        }
      />
    </span>
    Submit
  </button>
</div>
`;
